// Vitest Snapshot v1, https://vitest.dev/guide/snapshot.html

exports[`public surface > exposes a stable IconName union 1`] = `
[
  "arrow-down",
  "arrow-left",
  "arrow-right",
  "arrow-up",
  "bell",
  "bolt",
  "card",
  "chart",
  "check",
  "check-circle",
  "checks",
  "chevron-down",
  "chevron-right",
  "clock",
  "close",
  "close-circle",
  "code",
  "danger-triangle",
  "database",
  "document",
  "document-add",
  "dollar",
  "dots-menu",
  "download",
  "edit",
  "emoji",
  "file",
  "folder",
  "graph",
  "grid",
  "home",
  "info-circle",
  "layers",
  "letter",
  "list",
  "lock",
  "login",
  "logout",
  "menu",
  "minus-circle",
  "monitor",
  "moon",
  "palette",
  "palette-round",
  "refresh",
  "rocket",
  "search",
  "send",
  "settings",
  "shield-check",
  "shield-user",
  "shield-warning",
  "shopping-cart",
  "sidebar",
  "spinner",
  "star",
  "sun",
  "trend-up",
  "truck",
  "tuning",
  "user-plus",
  "users",
  "widget",
  "zoom-in",
  "zoom-out",
]
`;

exports[`public surface > exposes a stable set of Ui* components 1`] = `
[
  "AppIcon",
  "BaseChart",
  "UiAccordion",
  "UiAlert",
  "UiAutocomplete",
  "UiAvatar",
  "UiBadge",
  "UiBreadcrumb",
  "UiButton",
  "UiButtonGroup",
  "UiCalendar",
  "UiCard",
  "UiCheckbox",
  "UiColorPicker",
  "UiComboBox",
  "UiCommandPalette",
  "UiDataGrid",
  "UiDataTable",
  "UiDateField",
  "UiDatePicker",
  "UiDateRangePicker",
  "UiDatetimePicker",
  "UiDialog",
  "UiEditable",
  "UiEmptyState",
  "UiFileUpload",
  "UiForm",
  "UiFormBuilder",
  "UiFormField",
  "UiFormGroup",
  "UiFormRepeater",
  "UiMentionsField",
  "UiMonthPicker",
  "UiMonthRangePicker",
  "UiNumberField",
  "UiOption",
  "UiOptionGroup",
  "UiOTPField",
  "UiPageHeader",
  "UiPanel",
  "UiPopover",
  "UiProgress",
  "UiRadioGroup",
  "UiRangeSlider",
  "UiRatingField",
  "UiSearchField",
  "UiSelect",
  "UiSeparator",
  "UiSheet",
  "UiSkeleton",
  "UiSlider",
  "UiStatCard",
  "UiSteppedForm",
  "UiStepper",
  "UiSwitch",
  "UiTabs",
  "UiTagsField",
  "UiTextarea",
  "UiTextField",
  "UiTimeField",
  "UiTimeRangePicker",
  "UiToast",
  "UiToggle",
  "UiToggleGroup",
  "UiTooltip",
  "UiTreeSelect",
  "UiTrendDelta",
  "UiYearPicker",
  "UiYearRangePicker",
]
`;

exports[`public surface > exposes a stable set of built-in permissions 1`] = `
[
  "audit:read",
  "billing:manage",
  "billing:read",
  "calendar:manage",
  "calendar:read",
  "catalog:manage",
  "catalog:read",
  "customers:manage",
  "customers:read",
  "dashboard:export",
  "dashboard:read",
  "messages:read",
  "orders:manage",
  "orders:read",
  "projects:manage",
  "projects:read",
  "reports:create",
  "reports:export",
  "reports:read",
  "roles:assign",
  "roles:read",
  "settings:read",
  "settings:update",
  "team:read",
  "users:create",
  "users:delete",
  "users:read",
  "users:update",
]
`;

exports[`public surface > exposes a stable set of environment variables 1`] = `
[
  "VUESTRATA_API_URL",
  "VUESTRATA_APP_TITLE",
  "VUESTRATA_AUTH_ADAPTER",
  "VUESTRATA_DEMO_AUTH_RETENTION_HOURS",
  "VUESTRATA_ERROR_REPORTING_DSN",
  "VUESTRATA_ICON_PROVIDER",
  "VUESTRATA_RELEASE",
  "VUESTRATA_RUNTIME_MODE",
  "VUESTRATA_SESSION_PERSISTENCE",
  "VUESTRATA_THEME",
  "VUESTRATA_USE_MOCKS",
]
`;

exports[`public surface > exposes a stable set of module barrels 1`] = `
[
  "analytics",
  "auth",
  "billing",
  "calendar",
  "catalog",
  "customers",
  "messages",
  "orders",
  "projects",
  "reports",
  "settings",
  "showcase",
  "team",
  "users",
]
`;

exports[`public surface > exposes a stable set of semantic design tokens 1`] = `
[
  "--color-background",
  "--color-border",
  "--color-border-strong",
  "--color-card",
  "--color-chart-1",
  "--color-chart-2",
  "--color-chart-3",
  "--color-chart-4",
  "--color-chart-5",
  "--color-chart-6",
  "--color-chart-7",
  "--color-chart-8",
  "--color-destructive",
  "--color-destructive-foreground",
  "--color-destructive-subtle",
  "--color-elevated",
  "--color-foreground",
  "--color-info",
  "--color-info-100",
  "--color-info-200",
  "--color-info-300",
  "--color-info-400",
  "--color-info-50",
  "--color-info-500",
  "--color-info-600",
  "--color-info-700",
  "--color-info-800",
  "--color-info-900",
  "--color-info-950",
  "--color-info-foreground",
  "--color-info-subtle",
  "--color-input",
  "--color-link",
  "--color-link-hover",
  "--color-muted",
  "--color-muted-foreground",
  "--color-primary-foreground",
  "--color-primary-solid",
  "--color-primary-solid-hover",
  "--color-ring",
  "--color-sidebar",
  "--color-sidebar-accent",
  "--color-sidebar-accent-foreground",
  "--color-sidebar-border",
  "--color-sidebar-foreground",
  "--color-subtle-foreground",
  "--color-success",
  "--color-success-100",
  "--color-success-200",
  "--color-success-300",
  "--color-success-400",
  "--color-success-50",
  "--color-success-500",
  "--color-success-600",
  "--color-success-700",
  "--color-success-800",
  "--color-success-900",
  "--color-success-950",
  "--color-success-foreground",
  "--color-success-subtle",
  "--color-warning",
  "--color-warning-100",
  "--color-warning-200",
  "--color-warning-300",
  "--color-warning-400",
  "--color-warning-50",
  "--color-warning-500",
  "--color-warning-600",
  "--color-warning-700",
  "--color-warning-800",
  "--color-warning-900",
  "--color-warning-950",
  "--color-warning-foreground",
  "--color-warning-subtle",
]
`;

exports[`public surface > exposes stable props and emits on every Ui* component 1`] = `
{
  "AppIcon": {
    "emits": [],
    "props": [
      "name",
      "size",
    ],
  },
  "BaseChart": {
    "emits": [],
    "props": [
      "dataCaption",
      "dataColumns",
      "dataRows",
      "description",
      "height",
      "loading",
      "option",
      "summary",
      "title",
    ],
  },
  "UiAccordion": {
    "emits": [],
    "props": [
      "collapsible",
      "defaultValue",
      "items",
      "type",
    ],
  },
  "UiAlert": {
    "emits": [
      "dismiss",
    ],
    "props": [
      "dismissible",
      "dismissLabel",
      "icon",
      "provider",
      "title",
      "variant",
    ],
  },
  "UiAutocomplete": {
    "emits": [
      "update:modelValue",
    ],
    "props": [
      "description",
      "disabled",
      "error",
      "hint",
      "id",
      "label",
      "modelValue",
      "name",
      "openOnFocus",
      "options",
      "placeholder",
      "readonly",
      "required",
      "schema",
      "size",
    ],
  },
  "UiAvatar": {
    "emits": [],
    "props": [
      "alt",
      "fallback",
      "fallbackDelayMs",
      "provider",
      "size",
      "src",
      "tooltip",
    ],
  },
  "UiBadge": {
    "emits": [],
    "props": [
      "dot",
      "provider",
      "size",
      "variant",
    ],
  },
  "UiBreadcrumb": {
    "emits": [],
    "props": [
      "dividerComponent",
      "itemComponent",
      "items",
      "listComponent",
      "pageComponent",
      "provider",
      "rootComponent",
    ],
  },
  "UiButton": {
    "emits": [
      "click",
    ],
    "props": [
      "active",
      "ariaLabel",
      "block",
      "disabled",
      "href",
      "icon",
      "loading",
      "provider",
      "rel",
      "size",
      "target",
      "to",
      "type",
      "value",
      "variant",
    ],
  },
  "UiButtonGroup": {
    "emits": [
      "update:modelValue",
    ],
    "props": [
      "ariaLabel",
      "deselectable",
      "modelValue",
      "multiple",
      "provider",
    ],
  },
  "UiCalendar": {
    "emits": [
      "update:modelValue",
    ],
    "props": [
      "calendar",
      "description",
      "disabled",
      "error",
      "id",
      "label",
      "locale",
      "max",
      "min",
      "modelValue",
      "name",
      "readonly",
      "required",
      "schema",
      "timeZone",
    ],
  },
  "UiCard": {
    "emits": [],
    "props": [
      "hoverable",
      "padding",
      "provider",
      "subtitle",
      "title",
    ],
  },
  "UiCheckbox": {
    "emits": [
      "change",
      "update:modelValue",
    ],
    "props": [
      "ariaLabel",
      "checked",
      "checkedIcon",
      "description",
      "disabled",
      "error",
      "falseValue",
      "id",
      "indeterminate",
      "label",
      "modelValue",
      "name",
      "provider",
      "readonly",
      "required",
      "schema",
      "size",
      "trueValue",
    ],
  },
  "UiColorPicker": {
    "emits": [
      "update:modelValue",
    ],
    "props": [
      "description",
      "disabled",
      "error",
      "format",
      "hint",
      "id",
      "label",
      "modelValue",
      "name",
      "provider",
      "readonly",
      "required",
      "schema",
      "size",
      "swatches",
    ],
  },
  "UiComboBox": {
    "emits": [
      "update:modelValue",
    ],
    "props": [
      "description",
      "disabled",
      "error",
      "hint",
      "id",
      "label",
      "modelValue",
      "name",
      "openOnFocus",
      "options",
      "placeholder",
      "readonly",
      "required",
      "schema",
      "size",
    ],
  },
  "UiCommandPalette": {
    "emits": [
      "select",
      "update:modelValue",
    ],
    "props": [
      "emptyText",
      "items",
      "modelValue",
      "placeholder",
      "provider",
    ],
  },
  "UiDataGrid": {
    "emits": [
      "retry",
    ],
    "props": [
      "ariaLabel",
      "embedded",
      "emptyText",
      "error",
      "expandable",
      "loading",
      "loadingText",
      "maxBodyHeight",
      "pageSizeOptions",
      "searchPlaceholder",
      "selectable",
      "showColumnFilters",
      "showColumnVisibility",
      "showFooter",
      "showPagination",
      "showSearch",
      "showToolbar",
      "table",
      "totalRows",
      "virtual",
      "virtualRowHeight",
    ],
  },
  "UiDataTable": {
    "emits": [],
    "props": [
      "emptyText",
      "table",
    ],
  },
  "UiDateField": {
    "emits": [
      "update:modelValue",
    ],
    "props": [
      "calendar",
      "description",
      "disabled",
      "error",
      "formatOptions",
      "hint",
      "id",
      "label",
      "locale",
      "max",
      "min",
      "modelValue",
      "name",
      "placeholder",
      "readonly",
      "required",
      "schema",
      "size",
      "timeZone",
    ],
  },
  "UiDatePicker": {
    "emits": [
      "update:modelValue",
    ],
    "props": [
      "calendar",
      "description",
      "disabled",
      "error",
      "formatOptions",
      "hint",
      "id",
      "label",
      "locale",
      "max",
      "min",
      "modelValue",
      "name",
      "placeholder",
      "readonly",
      "required",
      "schema",
      "size",
      "timeZone",
    ],
  },
  "UiDateRangePicker": {
    "emits": [
      "update:end",
      "update:start",
    ],
    "props": [
      "calendar",
      "description",
      "disabled",
      "end",
      "error",
      "formatOptions",
      "hint",
      "id",
      "label",
      "locale",
      "max",
      "min",
      "name",
      "placeholder",
      "readonly",
      "required",
      "schema",
      "size",
      "start",
      "timeZone",
    ],
  },
  "UiDatetimePicker": {
    "emits": [
      "update:modelValue",
    ],
    "props": [
      "calendar",
      "day",
      "description",
      "disabled",
      "error",
      "formatOptions",
      "hint",
      "hour",
      "hour12",
      "id",
      "label",
      "locale",
      "max",
      "min",
      "minute",
      "modelValue",
      "month",
      "name",
      "placeholder",
      "readonly",
      "required",
      "schema",
      "size",
      "timeZone",
      "year",
    ],
  },
  "UiDialog": {
    "emits": [
      "update:open",
    ],
    "props": [
      "contentClass",
      "description",
      "open",
      "title",
    ],
  },
  "UiEditable": {
    "emits": [
      "update:modelValue",
    ],
    "props": [
      "description",
      "disabled",
      "error",
      "hint",
      "id",
      "label",
      "modelValue",
      "name",
      "placeholder",
      "readonly",
      "required",
      "schema",
      "size",
    ],
  },
  "UiEmptyState": {
    "emits": [],
    "props": [
      "description",
      "icon",
      "size",
      "title",
      "variant",
    ],
  },
  "UiFileUpload": {
    "emits": [
      "update:modelValue",
    ],
    "props": [
      "accept",
      "description",
      "disabled",
      "error",
      "hint",
      "id",
      "label",
      "maxSize",
      "multiple",
      "name",
      "provider",
      "readonly",
      "required",
      "schema",
      "size",
    ],
  },
  "UiForm": {
    "emits": [
      "submit",
    ],
    "props": [
      "disabled",
      "disableHtmlValidation",
      "initialValues",
      "schema",
    ],
  },
  "UiFormBuilder": {
    "emits": [
      "submit",
    ],
    "props": [
      "cols",
      "fields",
      "submitLabel",
      "submitting",
    ],
  },
  "UiFormField": {
    "emits": [
      "update:modelValue",
    ],
    "props": [
      "field",
      "modelValue",
    ],
  },
  "UiFormGroup": {
    "emits": [],
    "props": [
      "disabled",
      "label",
      "name",
      "schema",
    ],
  },
  "UiFormRepeater": {
    "emits": [],
    "props": [
      "addButtonLabel",
      "max",
      "min",
      "name",
      "removeButtonLabel",
    ],
  },
  "UiMentionsField": {
    "emits": [
      "update:modelValue",
    ],
    "props": [
      "description",
      "disabled",
      "error",
      "hint",
      "id",
      "label",
      "mentions",
      "modelValue",
      "name",
      "placeholder",
      "readonly",
      "required",
      "schema",
      "size",
      "trigger",
    ],
  },
  "UiMonthPicker": {
    "emits": [
      "update:modelValue",
    ],
    "props": [
      "calendar",
      "description",
      "disabled",
      "error",
      "formatOptions",
      "hint",
      "id",
      "label",
      "locale",
      "max",
      "min",
      "modelValue",
      "name",
      "placeholder",
      "readonly",
      "required",
      "schema",
      "size",
      "timeZone",
    ],
  },
  "UiMonthRangePicker": {
    "emits": [
      "update:end",
      "update:start",
    ],
    "props": [
      "calendar",
      "description",
      "disabled",
      "end",
      "error",
      "formatOptions",
      "hint",
      "id",
      "label",
      "locale",
      "max",
      "min",
      "name",
      "placeholder",
      "readonly",
      "required",
      "schema",
      "size",
      "start",
      "timeZone",
    ],
  },
  "UiNumberField": {
    "emits": [
      "update:modelValue",
    ],
    "props": [
      "description",
      "disabled",
      "error",
      "formatOptions",
      "hint",
      "id",
      "label",
      "locale",
      "max",
      "min",
      "modelValue",
      "name",
      "placeholder",
      "provider",
      "readonly",
      "required",
      "schema",
      "size",
      "step",
    ],
  },
  "UiOTPField": {
    "emits": [
      "update:modelValue",
    ],
    "props": [
      "accept",
      "description",
      "disabled",
      "error",
      "hint",
      "id",
      "label",
      "length",
      "modelValue",
      "name",
      "provider",
      "readonly",
      "required",
      "schema",
    ],
  },
  "UiOption": {
    "emits": [],
    "props": [
      "disabled",
      "label",
      "value",
    ],
  },
  "UiOptionGroup": {
    "emits": [],
    "props": [
      "label",
    ],
  },
  "UiPageHeader": {
    "emits": [],
    "props": [
      "description",
      "title",
    ],
  },
  "UiPanel": {
    "emits": [
      "retry",
    ],
    "props": [
      "contentClass",
      "description",
      "empty",
      "emptyDescription",
      "emptyTitle",
      "error",
      "loading",
      "title",
      "updating",
    ],
  },
  "UiPopover": {
    "emits": [],
    "props": [
      "align",
      "side",
    ],
  },
  "UiProgress": {
    "emits": [],
    "props": [
      "label",
      "max",
      "provider",
      "showValue",
      "size",
      "value",
    ],
  },
  "UiRadioGroup": {
    "emits": [
      "update:modelValue",
    ],
    "props": [
      "description",
      "disabled",
      "error",
      "hint",
      "id",
      "label",
      "modelValue",
      "name",
      "options",
      "orientation",
      "provider",
      "readonly",
      "required",
      "schema",
      "size",
    ],
  },
  "UiRangeSlider": {
    "emits": [
      "update:end",
      "update:start",
    ],
    "props": [
      "description",
      "disabled",
      "end",
      "error",
      "hint",
      "id",
      "label",
      "max",
      "min",
      "name",
      "orientation",
      "readonly",
      "required",
      "schema",
      "size",
      "start",
      "step",
    ],
  },
  "UiRatingField": {
    "emits": [
      "update:modelValue",
    ],
    "props": [
      "allowHalf",
      "description",
      "disabled",
      "error",
      "hint",
      "id",
      "label",
      "max",
      "modelValue",
      "name",
      "provider",
      "readonly",
      "required",
      "schema",
      "size",
    ],
  },
  "UiSearchField": {
    "emits": [
      "clear",
      "search",
      "update:modelValue",
    ],
    "props": [
      "clearButtonLabel",
      "description",
      "disabled",
      "error",
      "hint",
      "id",
      "label",
      "modelValue",
      "name",
      "placeholder",
      "readonly",
      "required",
      "schema",
      "size",
    ],
  },
  "UiSelect": {
    "emits": [
      "update:modelValue",
    ],
    "props": [
      "description",
      "disabled",
      "error",
      "hint",
      "id",
      "label",
      "modelValue",
      "multiple",
      "name",
      "options",
      "placeholder",
      "readonly",
      "required",
      "schema",
      "size",
    ],
  },
  "UiSeparator": {
    "emits": [],
    "props": [
      "decorative",
      "orientation",
      "provider",
    ],
  },
  "UiSheet": {
    "emits": [
      "update:modelValue",
    ],
    "props": [
      "description",
      "modelValue",
      "provider",
      "side",
      "title",
    ],
  },
  "UiSkeleton": {
    "emits": [],
    "props": [
      "animated",
      "height",
      "provider",
      "rounded",
      "width",
    ],
  },
  "UiSlider": {
    "emits": [
      "update:modelValue",
    ],
    "props": [
      "description",
      "disabled",
      "error",
      "hint",
      "id",
      "label",
      "max",
      "min",
      "modelValue",
      "name",
      "orientation",
      "provider",
      "readonly",
      "required",
      "schema",
      "size",
      "step",
    ],
  },
  "UiStatCard": {
    "emits": [],
    "props": [
      "hint",
      "icon",
      "label",
      "loading",
      "trend",
      "value",
    ],
  },
  "UiSteppedForm": {
    "emits": [
      "done",
    ],
    "props": [
      "nextLabel",
      "previousLabel",
      "provider",
    ],
  },
  "UiStepper": {
    "emits": [
      "update:modelValue",
    ],
    "props": [
      "itemComponent",
      "modelValue",
      "provider",
      "rootComponent",
      "steps",
    ],
  },
  "UiSwitch": {
    "emits": [
      "update:modelValue",
    ],
    "props": [
      "description",
      "disabled",
      "error",
      "id",
      "label",
      "modelValue",
      "name",
      "readonly",
      "required",
      "schema",
      "size",
    ],
  },
  "UiTabs": {
    "emits": [
      "update:modelValue",
    ],
    "props": [
      "defaultValue",
      "modelValue",
      "tabs",
    ],
  },
  "UiTagsField": {
    "emits": [
      "update:modelValue",
    ],
    "props": [
      "allowDuplicates",
      "description",
      "disabled",
      "error",
      "hint",
      "id",
      "label",
      "maxTags",
      "modelValue",
      "name",
      "placeholder",
      "provider",
      "readonly",
      "required",
      "schema",
      "size",
    ],
  },
  "UiTextField": {
    "emits": [
      "update:modelValue",
    ],
    "props": [
      "autocomplete",
      "description",
      "disabled",
      "error",
      "hint",
      "id",
      "label",
      "maxLength",
      "minLength",
      "modelValue",
      "name",
      "placeholder",
      "provider",
      "readonly",
      "required",
      "schema",
      "size",
      "type",
    ],
  },
  "UiTextarea": {
    "emits": [
      "update:modelValue",
    ],
    "props": [
      "description",
      "disabled",
      "error",
      "hint",
      "id",
      "label",
      "maxlength",
      "modelValue",
      "name",
      "placeholder",
      "readonly",
      "required",
      "resize",
      "rows",
      "schema",
      "size",
    ],
  },
  "UiTimeField": {
    "emits": [
      "update:modelValue",
    ],
    "props": [
      "description",
      "disabled",
      "error",
      "formatOptions",
      "hint",
      "hour12",
      "id",
      "label",
      "locale",
      "modelValue",
      "name",
      "placeholder",
      "readonly",
      "required",
      "schema",
      "size",
    ],
  },
  "UiTimeRangePicker": {
    "emits": [
      "update:end",
      "update:start",
    ],
    "props": [
      "description",
      "disabled",
      "end",
      "error",
      "formatOptions",
      "hint",
      "hour12",
      "id",
      "label",
      "locale",
      "name",
      "placeholder",
      "readonly",
      "required",
      "schema",
      "size",
      "start",
    ],
  },
  "UiToast": {
    "emits": [
      "show",
    ],
    "props": [
      "duration",
      "message",
      "provider",
      "title",
      "triggerLabel",
      "variant",
    ],
  },
  "UiToggle": {
    "emits": [
      "update:modelValue",
    ],
    "props": [
      "description",
      "disabled",
      "error",
      "id",
      "label",
      "modelValue",
      "name",
      "provider",
      "readonly",
      "required",
      "schema",
      "size",
    ],
  },
  "UiToggleGroup": {
    "emits": [
      "update:modelValue",
    ],
    "props": [
      "description",
      "disabled",
      "error",
      "id",
      "label",
      "modelValue",
      "multiple",
      "name",
      "options",
      "provider",
      "readonly",
      "required",
      "schema",
      "size",
    ],
  },
  "UiTooltip": {
    "emits": [],
    "props": [
      "content",
      "delayDuration",
      "side",
    ],
  },
  "UiTreeSelect": {
    "emits": [
      "update:modelValue",
    ],
    "props": [
      "description",
      "disabled",
      "error",
      "hint",
      "id",
      "label",
      "modelValue",
      "multiple",
      "name",
      "nodes",
      "placeholder",
      "readonly",
      "required",
      "schema",
      "size",
    ],
  },
  "UiTrendDelta": {
    "emits": [],
    "props": [
      "changePercent",
      "comparedTo",
      "direction",
      "isImprovement",
      "size",
    ],
  },
  "UiYearPicker": {
    "emits": [
      "update:modelValue",
    ],
    "props": [
      "calendar",
      "description",
      "disabled",
      "error",
      "formatOptions",
      "hint",
      "id",
      "label",
      "locale",
      "max",
      "min",
      "modelValue",
      "name",
      "placeholder",
      "readonly",
      "required",
      "schema",
      "size",
      "timeZone",
    ],
  },
  "UiYearRangePicker": {
    "emits": [
      "update:end",
      "update:start",
    ],
    "props": [
      "calendar",
      "description",
      "disabled",
      "end",
      "error",
      "formatOptions",
      "hint",
      "id",
      "label",
      "locale",
      "max",
      "min",
      "name",
      "placeholder",
      "readonly",
      "required",
      "schema",
      "size",
      "start",
      "timeZone",
    ],
  },
}
`;
